Tecton: t1
Type: normal
Mushroom: m1
Insects: i1
Yarns: none
Neighbours: t2
Spores: none

Tecton: t2
Type: normal
Mushroom: none
Insects: none
Yarns: none
Neighbours: t1 t3
Spores: none

Tecton: t3
Type: normal
Mushroom: none
Insects: none
Yarns: none
Neighbours: t2
Spores: none

Mushroom: m1
HasSpore: false
Place: t1
Owner: Bob

Insect: i1
Current Effect: none
Owner: Alice

Player: Bob
Type: MushroomPicker
Points: 0

Player: Alice
Type: Entomologist
Points: 0

