Tecton: t1
Type: normal
Mushroom: m1
Insects: none
Yarns: y1
Neighbours: t2
Spores: none

Tecton: t2
Type: normal
Mushroom: m2
Insects: none
Yarns: y1
Neighbours: t1
Spores: none

Mushroom: m1
HasSpore: false
Place: t1
Owner: Bob

Mushroom: m2
HasSpore: false
Place: t2
Owner: Bob

Yarn: y1
Type: normal
Tectons in yarn: t1 t2

Player: Bob
Type: MushroomPicker
Points: 3

